2026-05-21T08:11:00.188Z - [RECOVERED] post/Heroics Are Not Infrastructure.md
    "validation": "url",
    "code": "invalid_string",
    "message": "Invalid url",
    "path": [
      "ogImage"
    ]
  },
  {
    "validation": "url",
    "code": "invalid_string",
    "message": "Invalid url",
    "path": [
      "canonicalUrl"
    ]
  }
]
2026-05-21T08:11:00.188Z - [RECOVERED] post/Heroics Are Not Infrastructure.md
2026-07-28T16:20:34.134Z - agent/jo.rizom.ai.md: Invalid entity data for agent: [
  {
    "code": "invalid_value",
    "values": [
      "person",
      "team",
      "organization"
    ],
    "path": [
      "kind"
    ],
    "message": "Invalid option: expected one of \"person\"|\"team\"|\"organization\""
  }
]
→ agent/jo.rizom.ai.md.invalid

2026-07-28T16:20:34.150Z - agent/wolfgang.rizom.ai.md: Invalid entity data for agent: [
  {
    "code": "invalid_value",
    "values": [
      "person",
      "team",
      "organization"
    ],
    "path": [
      "kind"
    ],
    "message": "Invalid option: expected one of \"person\"|\"team\"|\"organization\""
  }
]
→ agent/wolfgang.rizom.ai.md.invalid

2026-07-28T16:20:34.158Z - agent/smoke.rizom.ai.md: Invalid entity data for agent: [
  {
    "code": "invalid_value",
    "values": [
      "person",
      "team",
      "organization"
    ],
    "path": [
      "kind"
    ],
    "message": "Invalid option: expected one of \"person\"|\"team\"|\"organization\""
  }
]
→ agent/smoke.rizom.ai.md.invalid

2026-07-28T16:20:34.173Z - agent/natalie.rizom.ai.md: Invalid entity data for agent: [
  {
    "code": "invalid_value",
    "values": [
      "person",
      "team",
      "organization"
    ],
    "path": [
      "kind"
    ],
    "message": "Invalid option: expected one of \"person\"|\"team\"|\"organization\""
  }
]
→ agent/natalie.rizom.ai.md.invalid

2026-07-28T16:20:34.180Z - agent/docs.rizom.ai.md: Invalid entity data for agent: [
  {
    "code": "invalid_value",
    "values": [
      "person",
      "team",
      "organization"
    ],
    "path": [
      "kind"
    ],
    "message": "Invalid option: expected one of \"person\"|\"team\"|\"organization\""
  }
]
→ agent/docs.rizom.ai.md.invalid

2026-07-28T16:20:34.196Z - agent/becca.rizom.ai.md: Invalid entity data for agent: [
  {
    "code": "invalid_value",
    "values": [
      "person",
      "team",
      "organization"
    ],
    "path": [
      "kind"
    ],
    "message": "Invalid option: expected one of \"person\"|\"team\"|\"organization\""
  }
]
→ agent/becca.rizom.ai.md.invalid

2026-07-28T16:20:34.210Z - agent/sam.rizom.ai.md: Invalid entity data for agent: [
  {
    "code": "invalid_value",
    "values": [
      "person",
      "team",
      "organization"
    ],
    "path": [
      "kind"
    ],
    "message": "Invalid option: expected one of \"person\"|\"team\"|\"organization\""
  }
]
→ agent/sam.rizom.ai.md.invalid

